Archive member included to satisfy reference by file (symbol)

/opt/gcc-arm-none-eabi-10.3-2021.10/bin/../lib/gcc/arm-none-eabi/10.3.1/../../../../arm-none-eabi/lib/thumb/v7e-m+fp/hard/libc_nano.a(lib_a-exit.o)
                              /opt/gcc-arm-none-eabi-10.3-2021.10/bin/../lib/gcc/arm-none-eabi/10.3.1/../../../../arm-none-eabi/lib/thumb/v7e-m+fp/hard/crt0.o (exit)
/opt/gcc-arm-none-eabi-10.3-2021.10/bin/../lib/gcc/arm-none-eabi/10.3.1/../../../../arm-none-eabi/lib/thumb/v7e-m+fp/hard/libc_nano.a(lib_a-impure.o)
                              /opt/gcc-arm-none-eabi-10.3-2021.10/bin/../lib/gcc/arm-none-eabi/10.3.1/../../../../arm-none-eabi/lib/thumb/v7e-m+fp/hard/libc_nano.a(lib_a-exit.o) (_global_impure_ptr)
/opt/gcc-arm-none-eabi-10.3-2021.10/bin/../lib/gcc/arm-none-eabi/10.3.1/../../../../arm-none-eabi/lib/thumb/v7e-m+fp/hard/libc_nano.a(lib_a-init.o)
                              /opt/gcc-arm-none-eabi-10.3-2021.10/bin/../lib/gcc/arm-none-eabi/10.3.1/../../../../arm-none-eabi/lib/thumb/v7e-m+fp/hard/crt0.o (__libc_init_array)
/opt/gcc-arm-none-eabi-10.3-2021.10/bin/../lib/gcc/arm-none-eabi/10.3.1/../../../../arm-none-eabi/lib/thumb/v7e-m+fp/hard/libc_nano.a(lib_a-memcpy-stub.o)
                              CMakeFiles/sample-f407vg.dir/Project/projectMain.cpp.obj (memcpy)
/opt/gcc-arm-none-eabi-10.3-2021.10/bin/../lib/gcc/arm-none-eabi/10.3.1/../../../../arm-none-eabi/lib/thumb/v7e-m+fp/hard/libc_nano.a(lib_a-memset.o)
                              /opt/gcc-arm-none-eabi-10.3-2021.10/bin/../lib/gcc/arm-none-eabi/10.3.1/../../../../arm-none-eabi/lib/thumb/v7e-m+fp/hard/crt0.o (memset)
/opt/gcc-arm-none-eabi-10.3-2021.10/bin/../lib/gcc/arm-none-eabi/10.3.1/../../../../arm-none-eabi/lib/thumb/v7e-m+fp/hard/libc_nano.a(lib_a-strcmp.o)
                              CMakeFiles/sample-f407vg.dir/Project/projectMain.cpp.obj (strcmp)
/opt/gcc-arm-none-eabi-10.3-2021.10/bin/../lib/gcc/arm-none-eabi/10.3.1/thumb/v7e-m+fp/hard/libgcc.a(_aeabi_uldivmod.o)
                              CMakeFiles/sample-f407vg.dir/Drivers/STM32F4xx_HAL_Driver/Src/stm32f4xx_hal_rcc.c.obj (__aeabi_uldivmod)
/opt/gcc-arm-none-eabi-10.3-2021.10/bin/../lib/gcc/arm-none-eabi/10.3.1/thumb/v7e-m+fp/hard/libgcc.a(_udivmoddi4.o)
                              /opt/gcc-arm-none-eabi-10.3-2021.10/bin/../lib/gcc/arm-none-eabi/10.3.1/thumb/v7e-m+fp/hard/libgcc.a(_aeabi_uldivmod.o) (__udivmoddi4)
/opt/gcc-arm-none-eabi-10.3-2021.10/bin/../lib/gcc/arm-none-eabi/10.3.1/thumb/v7e-m+fp/hard/libgcc.a(_dvmd_tls.o)
                              /opt/gcc-arm-none-eabi-10.3-2021.10/bin/../lib/gcc/arm-none-eabi/10.3.1/thumb/v7e-m+fp/hard/libgcc.a(_aeabi_uldivmod.o) (__aeabi_ldiv0)
/opt/gcc-arm-none-eabi-10.3-2021.10/bin/../lib/gcc/arm-none-eabi/10.3.1/../../../../arm-none-eabi/lib/thumb/v7e-m+fp/hard/libnosys.a(_exit.o)
                              /opt/gcc-arm-none-eabi-10.3-2021.10/bin/../lib/gcc/arm-none-eabi/10.3.1/../../../../arm-none-eabi/lib/thumb/v7e-m+fp/hard/libc_nano.a(lib_a-exit.o) (_exit)

Discarded input sections

 .text          0x0000000000000000        0x0 /opt/gcc-arm-none-eabi-10.3-2021.10/bin/../lib/gcc/arm-none-eabi/10.3.1/thumb/v7e-m+fp/hard/crti.o
 .data          0x0000000000000000        0x0 /opt/gcc-arm-none-eabi-10.3-2021.10/bin/../lib/gcc/arm-none-eabi/10.3.1/thumb/v7e-m+fp/hard/crti.o
 .bss           0x0000000000000000        0x0 /opt/gcc-arm-none-eabi-10.3-2021.10/bin/../lib/gcc/arm-none-eabi/10.3.1/thumb/v7e-m+fp/hard/crti.o
 .data          0x0000000000000000        0x4 /opt/gcc-arm-none-eabi-10.3-2021.10/bin/../lib/gcc/arm-none-eabi/10.3.1/thumb/v7e-m+fp/hard/crtbegin.o
 .rodata        0x0000000000000000       0x24 /opt/gcc-arm-none-eabi-10.3-2021.10/bin/../lib/gcc/arm-none-eabi/10.3.1/thumb/v7e-m+fp/hard/crtbegin.o
 .text          0x0000000000000000       0x7c /opt/gcc-arm-none-eabi-10.3-2021.10/bin/../lib/gcc/arm-none-eabi/10.3.1/../../../../arm-none-eabi/lib/thumb/v7e-m+fp/hard/crt0.o
 .data          0x0000000000000000        0x0 /opt/gcc-arm-none-eabi-10.3-2021.10/bin/../lib/gcc/arm-none-eabi/10.3.1/../../../../arm-none-eabi/lib/thumb/v7e-m+fp/hard/crt0.o
 .bss           0x0000000000000000        0x0 /opt/gcc-arm-none-eabi-10.3-2021.10/bin/../lib/gcc/arm-none-eabi/10.3.1/../../../../arm-none-eabi/lib/thumb/v7e-m+fp/hard/crt0.o
 .ARM.extab     0x0000000000000000        0x0 /opt/gcc-arm-none-eabi-10.3-2021.10/bin/../lib/gcc/arm-none-eabi/10.3.1/../../../../arm-none-eabi/lib/thumb/v7e-m+fp/hard/crt0.o
 .ARM.exidx     0x0000000000000000       0x10 /opt/gcc-arm-none-eabi-10.3-2021.10/bin/../lib/gcc/arm-none-eabi/10.3.1/../../../../arm-none-eabi/lib/thumb/v7e-m+fp/hard/crt0.o
 .ARM.attributes
                0x0000000000000000       0x1c /opt/gcc-arm-none-eabi-10.3-2021.10/bin/../lib/gcc/arm-none-eabi/10.3.1/../../../../arm-none-eabi/lib/thumb/v7e-m+fp/hard/crt0.o
 .group         0x0000000000000000        0xc CMakeFiles/sample-f407vg.dir/Core/Src/gpio.c.obj
[...]
Memory Configuration

Name             Origin             Length             Attributes
RAM              0x0000000020000000 0x0000000000020000 xrw
CCMRAM           0x0000000010000000 0x0000000000010000 xrw
FLASH            0x0000000008000000 0x0000000000100000 xr
*default*        0x0000000000000000 0xffffffffffffffff

Linker script and memory map

LOAD /opt/gcc-arm-none-eabi-10.3-2021.10/bin/../lib/gcc/arm-none-eabi/10.3.1/thumb/v7e-m+fp/hard/crti.o
LOAD /opt/gcc-arm-none-eabi-10.3-2021.10/bin/../lib/gcc/arm-none-eabi/10.3.1/thumb/v7e-m+fp/hard/crtbegin.o
LOAD /opt/gcc-arm-none-eabi-10.3-2021.10/bin/../lib/gcc/arm-none-eabi/10.3.1/../../../../arm-none-eabi/lib/thumb/v7e-m+fp/hard/crt0.o
START GROUP
LOAD /opt/gcc-arm-none-eabi-10.3-2021.10/bin/../lib/gcc/arm-none-eabi/10.3.1/../../../../arm-none-eabi/lib/thumb/v7e-m+fp/hard/libstdc++_nano.a
END GROUP
LOAD CMakeFiles/sample-f407vg.dir/Core/Src/gpio.c.obj
LOAD CMakeFiles/sample-f407vg.dir/Core/Src/main.c.obj
LOAD CMakeFiles/sample-f407vg.dir/Core/Src/stm32f4xx_hal_msp.c.obj
LOAD CMakeFiles/sample-f407vg.dir/Core/Src/stm32f4xx_it.c.obj
LOAD CMakeFiles/sample-f407vg.dir/Core/Src/system_stm32f4xx.c.obj
LOAD CMakeFiles/sample-f407vg.dir/Drivers/STM32F4xx_HAL_Driver/Src/stm32f4xx_hal.c.obj
LOAD CMakeFiles/sample-f407vg.dir/Drivers/STM32F4xx_HAL_Driver/Src/stm32f4xx_hal_adc.c.obj
LOAD CMakeFiles/sample-f407vg.dir/Drivers/STM32F4xx_HAL_Driver/Src/stm32f4xx_hal_adc_ex.c.obj
LOAD CMakeFiles/sample-f407vg.dir/Drivers/STM32F4xx_HAL_Driver/Src/stm32f4xx_hal_cortex.c.obj
LOAD CMakeFiles/sample-f407vg.dir/Drivers/STM32F4xx_HAL_Driver/Src/stm32f4xx_hal_dma.c.obj
LOAD CMakeFiles/sample-f407vg.dir/Drivers/STM32F4xx_HAL_Driver/Src/stm32f4xx_hal_dma_ex.c.obj
LOAD CMakeFiles/sample-f407vg.dir/Drivers/STM32F4xx_HAL_Driver/Src/stm32f4xx_hal_exti.c.obj
LOAD CMakeFiles/sample-f407vg.dir/Drivers/STM32F4xx_HAL_Driver/Src/stm32f4xx_hal_flash.c.obj
LOAD CMakeFiles/sample-f407vg.dir/Drivers/STM32F4xx_HAL_Driver/Src/stm32f4xx_hal_flash_ex.c.obj
LOAD CMakeFiles/sample-f407vg.dir/Drivers/STM32F4xx_HAL_Driver/Src/stm32f4xx_hal_flash_ramfunc.c.obj
LOAD CMakeFiles/sample-f407vg.dir/Drivers/STM32F4xx_HAL_Driver/Src/stm32f4xx_hal_gpio.c.obj
LOAD CMakeFiles/sample-f407vg.dir/Drivers/STM32F4xx_HAL_Driver/Src/stm32f4xx_hal_hcd.c.obj
LOAD CMakeFiles/sample-f407vg.dir/Drivers/STM32F4xx_HAL_Driver/Src/stm32f4xx_hal_i2c.c.obj
LOAD CMakeFiles/sample-f407vg.dir/Drivers/STM32F4xx_HAL_Driver/Src/stm32f4xx_hal_i2c_ex.c.obj
LOAD CMakeFiles/sample-f407vg.dir/Drivers/STM32F4xx_HAL_Driver/Src/stm32f4xx_hal_i2s.c.obj
LOAD CMakeFiles/sample-f407vg.dir/Drivers/STM32F4xx_HAL_Driver/Src/stm32f4xx_hal_i2s_ex.c.obj
LOAD CMakeFiles/sample-f407vg.dir/Drivers/STM32F4xx_HAL_Driver/Src/stm32f4xx_hal_pwr.c.obj
LOAD CMakeFiles/sample-f407vg.dir/Drivers/STM32F4xx_HAL_Driver/Src/stm32f4xx_hal_pwr_ex.c.obj
LOAD CMakeFiles/sample-f407vg.dir/Drivers/STM32F4xx_HAL_Driver/Src/stm32f4xx_hal_rcc.c.obj
LOAD CMakeFiles/sample-f407vg.dir/Drivers/STM32F4xx_HAL_Driver/Src/stm32f4xx_hal_rcc_ex.c.obj
LOAD CMakeFiles/sample-f407vg.dir/Drivers/STM32F4xx_HAL_Driver/Src/stm32f4xx_hal_spi.c.obj
LOAD CMakeFiles/sample-f407vg.dir/Drivers/STM32F4xx_HAL_Driver/Src/stm32f4xx_hal_tim.c.obj
LOAD CMakeFiles/sample-f407vg.dir/Drivers/STM32F4xx_HAL_Driver/Src/stm32f4xx_hal_tim_ex.c.obj
LOAD CMakeFiles/sample-f407vg.dir/Drivers/STM32F4xx_HAL_Driver/Src/stm32f4xx_ll_adc.c.obj
LOAD CMakeFiles/sample-f407vg.dir/Drivers/STM32F4xx_HAL_Driver/Src/stm32f4xx_ll_usb.c.obj
LOAD CMakeFiles/sample-f407vg.dir/Project/projectMain.cpp.obj
LOAD CMakeFiles/sample-f407vg.dir/CubeMX/startup_stm32f407xx.s.obj
LOAD /opt/gcc-arm-none-eabi-10.3-2021.10/bin/../lib/gcc/arm-none-eabi/10.3.1/../../../../arm-none-eabi/lib/thumb/v7e-m+fp/hard/libstdc++_nano.a
LOAD /opt/gcc-arm-none-eabi-10.3-2021.10/bin/../lib/gcc/arm-none-eabi/10.3.1/../../../../arm-none-eabi/lib/thumb/v7e-m+fp/hard/libm.a
LOAD /opt/gcc-arm-none-eabi-10.3-2021.10/bin/../lib/gcc/arm-none-eabi/10.3.1/../../../../arm-none-eabi/lib/thumb/v7e-m+fp/hard/libc_nano.a
START GROUP
LOAD /opt/gcc-arm-none-eabi-10.3-2021.10/bin/../lib/gcc/arm-none-eabi/10.3.1/thumb/v7e-m+fp/hard/libgcc.a
LOAD /opt/gcc-arm-none-eabi-10.3-2021.10/bin/../lib/gcc/arm-none-eabi/10.3.1/../../../../arm-none-eabi/lib/thumb/v7e-m+fp/hard/libg_nano.a
LOAD /opt/gcc-arm-none-eabi-10.3-2021.10/bin/../lib/gcc/arm-none-eabi/10.3.1/../../../../arm-none-eabi/lib/thumb/v7e-m+fp/hard/libc_nano.a
END GROUP
START GROUP
LOAD /opt/gcc-arm-none-eabi-10.3-2021.10/bin/../lib/gcc/arm-none-eabi/10.3.1/thumb/v7e-m+fp/hard/libgcc.a
LOAD /opt/gcc-arm-none-eabi-10.3-2021.10/bin/../lib/gcc/arm-none-eabi/10.3.1/../../../../arm-none-eabi/lib/thumb/v7e-m+fp/hard/libc_nano.a
LOAD /opt/gcc-arm-none-eabi-10.3-2021.10/bin/../lib/gcc/arm-none-eabi/10.3.1/../../../../arm-none-eabi/lib/thumb/v7e-m+fp/hard/libnosys.a
END GROUP
START GROUP
LOAD /opt/gcc-arm-none-eabi-10.3-2021.10/bin/../lib/gcc/arm-none-eabi/10.3.1/thumb/v7e-m+fp/hard/libgcc.a
LOAD /opt/gcc-arm-none-eabi-10.3-2021.10/bin/../lib/gcc/arm-none-eabi/10.3.1/../../../../arm-none-eabi/lib/thumb/v7e-m+fp/hard/libc_nano.a
LOAD /opt/gcc-arm-none-eabi-10.3-2021.10/bin/../lib/gcc/arm-none-eabi/10.3.1/../../../../arm-none-eabi/lib/thumb/v7e-m+fp/hard/libnosys.a
END GROUP
LOAD /opt/gcc-arm-none-eabi-10.3-2021.10/bin/../lib/gcc/arm-none-eabi/10.3.1/thumb/v7e-m+fp/hard/crtend.o
LOAD /opt/gcc-arm-none-eabi-10.3-2021.10/bin/../lib/gcc/arm-none-eabi/10.3.1/thumb/v7e-m+fp/hard/crtn.o
                0x0000000020020000                _estack = 0x20020000
                0x0000000000000200                _Min_Heap_Size = 0x200
                0x0000000000000400                _Min_Stack_Size = 0x400

.isr_vector     0x0000000008000000      0x188
                0x0000000008000000                . = ALIGN (0x4)
 *(.isr_vector)
 .isr_vector    0x0000000008000000      0x188 CMakeFiles/sample-f407vg.dir/CubeMX/startup_stm32f407xx.s.obj
                0x0000000008000000                g_pfnVectors
                0x0000000008000188                . = ALIGN (0x4)

.text           0x0000000008000188     0x2ac4
                0x0000000008000188                . = ALIGN (0x4)
 *(.text)
 .text          0x0000000008000188       0x40 /opt/gcc-arm-none-eabi-10.3-2021.10/bin/../lib/gcc/arm-none-eabi/10.3.1/thumb/v7e-m+fp/hard/crtbegin.o
 .text          0x00000000080001c8       0x14 /opt/gcc-arm-none-eabi-10.3-2021.10/bin/../lib/gcc/arm-none-eabi/10.3.1/../../../../arm-none-eabi/lib/thumb/v7e-m+fp/hard/libc_nano.a(lib_a-strcmp.o)
                0x00000000080001c8                strcmp
 .text          0x00000000080001dc       0x30 /opt/gcc-arm-none-eabi-10.3-2021.10/bin/../lib/gcc/arm-none-eabi/10.3.1/thumb/v7e-m+fp/hard/libgcc.a(_aeabi_uldivmod.o)
                0x00000000080001dc                __aeabi_uldivmod
 .text          0x000000000800020c      0x2d0 /opt/gcc-arm-none-eabi-10.3-2021.10/bin/../lib/gcc/arm-none-eabi/10.3.1/thumb/v7e-m+fp/hard/libgcc.a(_udivmoddi4.o)
                0x000000000800020c                __udivmoddi4
 .text          0x00000000080004dc        0x4 /opt/gcc-arm-none-eabi-10.3-2021.10/bin/../lib/gcc/arm-none-eabi/10.3.1/thumb/v7e-m+fp/hard/libgcc.a(_dvmd_tls.o)
                0x00000000080004dc                __aeabi_ldiv0
                0x00000000080004dc                __aeabi_idiv0
 *(.text*)
 .text.MX_GPIO_Init
                0x00000000080004e0      0x27c CMakeFiles/sample-f407vg.dir/Core/Src/gpio.c.obj
                0x00000000080004e0                MX_GPIO_Init
 .text.main     0x000000000800075c       0x16 CMakeFiles/sample-f407vg.dir/Core/Src/main.c.obj
                0x000000000800075c                main
 *fill*         0x0000000008000772        0x2 
 .text.SystemClock_Config
                0x0000000008000774       0xd4 CMakeFiles/sample-f407vg.dir/Core/Src/main.c.obj
                0x0000000008000774                SystemClock_Config
 .text.Error_Handler
                0x0000000008000848        0xa CMakeFiles/sample-f407vg.dir/Core/Src/main.c.obj
                0x0000000008000848                Error_Handler
 *fill*         0x0000000008000852        0x2 
 .text.HAL_MspInit
                0x0000000008000854       0x50 CMakeFiles/sample-f407vg.dir/Core/Src/stm32f4xx_hal_msp.c.obj
                0x0000000008000854                HAL_MspInit
 .text.NMI_Handler
                0x00000000080008a4        0x6 CMakeFiles/sample-f407vg.dir/Core/Src/stm32f4xx_it.c.obj
                0x00000000080008a4                NMI_Handler
 .text.HardFault_Handler
                0x00000000080008aa        0x6 CMakeFiles/sample-f407vg.dir/Core/Src/stm32f4xx_it.c.obj
                0x00000000080008aa                HardFault_Handler
 .text.MemManage_Handler
                0x00000000080008b0        0x6 CMakeFiles/sample-f407vg.dir/Core/Src/stm32f4xx_it.c.obj
                0x00000000080008b0                MemManage_Handler
 .text.BusFault_Handler
                0x00000000080008b6        0x6 CMakeFiles/sample-f407vg.dir/Core/Src/stm32f4xx_it.c.obj
                0x00000000080008b6                BusFault_Handler
 .text.UsageFault_Handler
                0x00000000080008bc        0x6 CMakeFiles/sample-f407vg.dir/Core/Src/stm32f4xx_it.c.obj
                0x00000000080008bc                UsageFault_Handler
 .text.SVC_Handler
                0x00000000080008c2        0xe CMakeFiles/sample-f407vg.dir/Core/Src/stm32f4xx_it.c.obj
                0x00000000080008c2                SVC_Handler
 .text.DebugMon_Handler
                0x00000000080008d0        0xe CMakeFiles/sample-f407vg.dir/Core/Src/stm32f4xx_it.c.obj
                0x00000000080008d0                DebugMon_Handler
 .text.PendSV_Handler
                0x00000000080008de        0xe CMakeFiles/sample-f407vg.dir/Core/Src/stm32f4xx_it.c.obj
                0x00000000080008de                PendSV_Handler
 .text.EXTI9_5_IRQHandler
                0x00000000080008ec       0x38 CMakeFiles/sample-f407vg.dir/Core/Src/stm32f4xx_it.c.obj
                0x00000000080008ec                EXTI9_5_IRQHandler
 .text.EXTI0_IRQHandler
                0x0000000008000924       0x24 CMakeFiles/sample-f407vg.dir/Core/Src/stm32f4xx_it.c.obj
                0x0000000008000924                EXTI0_IRQHandler
 .text.SysTick_Handler
                0x0000000008000948        0xc CMakeFiles/sample-f407vg.dir/Core/Src/stm32f4xx_it.c.obj
                0x0000000008000948                SysTick_Handler
 .text.SystemInit
                0x0000000008000954       0x24 CMakeFiles/sample-f407vg.dir/Core/Src/system_stm32f4xx.c.obj
                0x0000000008000954                SystemInit
 .text.HAL_Init
                0x0000000008000978       0x44 CMakeFiles/sample-f407vg.dir/Drivers/STM32F4xx_HAL_Driver/Src/stm32f4xx_hal.c.obj
                0x0000000008000978                HAL_Init
 .text.HAL_InitTick
                0x00000000080009bc       0x60 CMakeFiles/sample-f407vg.dir/Drivers/STM32F4xx_HAL_Driver/Src/stm32f4xx_hal.c.obj
                0x00000000080009bc                HAL_InitTick
 .text.HAL_IncTick
                0x0000000008000a1c       0x28 CMakeFiles/sample-f407vg.dir/Drivers/STM32F4xx_HAL_Driver/Src/stm32f4xx_hal.c.obj
                0x0000000008000a1c                HAL_IncTick
 .text.HAL_GetTick
                0x0000000008000a44       0x18 CMakeFiles/sample-f407vg.dir/Drivers/STM32F4xx_HAL_Driver/Src/stm32f4xx_hal.c.obj
                0x0000000008000a44                HAL_GetTick
 .text.HAL_Delay
                0x0000000008000a5c       0x48 CMakeFiles/sample-f407vg.dir/Drivers/STM32F4xx_HAL_Driver/Src/stm32f4xx_hal.c.obj
                0x0000000008000a5c                HAL_Delay
 .text.__NVIC_SetPriorityGrouping
                0x0000000008000aa4       0x48 CMakeFiles/sample-f407vg.dir/Drivers/STM32F4xx_HAL_Driver/Src/stm32f4xx_hal_cortex.c.obj
 .text.__NVIC_GetPriorityGrouping
                0x0000000008000aec       0x1c CMakeFiles/sample-f407vg.dir/Drivers/STM32F4xx_HAL_Driver/Src/stm32f4xx_hal_cortex.c.obj
 .text.__NVIC_EnableIRQ
                0x0000000008000b08       0x3c CMakeFiles/sample-f407vg.dir/Drivers/STM32F4xx_HAL_Driver/Src/stm32f4xx_hal_cortex.c.obj
 .text.__NVIC_SetPriority
                0x0000000008000b44       0x54 CMakeFiles/sample-f407vg.dir/Drivers/STM32F4xx_HAL_Driver/Src/stm32f4xx_hal_cortex.c.obj
 .text.NVIC_EncodePriority
                0x0000000008000b98       0x66 CMakeFiles/sample-f407vg.dir/Drivers/STM32F4xx_HAL_Driver/Src/stm32f4xx_hal_cortex.c.obj
 *fill*         0x0000000008000bfe        0x2 
 .text.SysTick_Config
                0x0000000008000c00       0x44 CMakeFiles/sample-f407vg.dir/Drivers/STM32F4xx_HAL_Driver/Src/stm32f4xx_hal_cortex.c.obj
 .text.HAL_NVIC_SetPriorityGrouping
                0x0000000008000c44       0x16 CMakeFiles/sample-f407vg.dir/Drivers/STM32F4xx_HAL_Driver/Src/stm32f4xx_hal_cortex.c.obj
                0x0000000008000c44                HAL_NVIC_SetPriorityGrouping
 .text.HAL_NVIC_SetPriority
                0x0000000008000c5a       0x38 CMakeFiles/sample-f407vg.dir/Drivers/STM32F4xx_HAL_Driver/Src/stm32f4xx_hal_cortex.c.obj
                0x0000000008000c5a                HAL_NVIC_SetPriority
 .text.HAL_NVIC_EnableIRQ
                0x0000000008000c92       0x1c CMakeFiles/sample-f407vg.dir/Drivers/STM32F4xx_HAL_Driver/Src/stm32f4xx_hal_cortex.c.obj
                0x0000000008000c92                HAL_NVIC_EnableIRQ
 .text.HAL_SYSTICK_Config
                0x0000000008000cae       0x18 CMakeFiles/sample-f407vg.dir/Drivers/STM32F4xx_HAL_Driver/Src/stm32f4xx_hal_cortex.c.obj
                0x0000000008000cae                HAL_SYSTICK_Config
 *fill*         0x0000000008000cc6        0x2 
 .text.HAL_GPIO_Init
                0x0000000008000cc8      0x338 CMakeFiles/sample-f407vg.dir/Drivers/STM32F4xx_HAL_Driver/Src/stm32f4xx_hal_gpio.c.obj
                0x0000000008000cc8                HAL_GPIO_Init
 .text.HAL_GPIO_WritePin
                0x0000000008001000       0x32 CMakeFiles/sample-f407vg.dir/Drivers/STM32F4xx_HAL_Driver/Src/stm32f4xx_hal_gpio.c.obj
                0x0000000008001000                HAL_GPIO_WritePin
 *fill*         0x0000000008001032        0x2 
 .text.HAL_RCC_OscConfig
                0x0000000008001034      0x4f0 CMakeFiles/sample-f407vg.dir/Drivers/STM32F4xx_HAL_Driver/Src/stm32f4xx_hal_rcc.c.obj
                0x0000000008001034                HAL_RCC_OscConfig
 .text.HAL_RCC_ClockConfig
                0x0000000008001524      0x1cc CMakeFiles/sample-f407vg.dir/Drivers/STM32F4xx_HAL_Driver/Src/stm32f4xx_hal_rcc.c.obj
                0x0000000008001524                HAL_RCC_ClockConfig
 .text.HAL_RCC_GetSysClockFreq
                0x00000000080016f0      0x20c CMakeFiles/sample-f407vg.dir/Drivers/STM32F4xx_HAL_Driver/Src/stm32f4xx_hal_rcc.c.obj
                0x00000000080016f0                HAL_RCC_GetSysClockFreq
 .text._ZN9LcdDriver7set_pinEP12GPIO_TypeDeftPKc
                0x00000000080018fc       0xb8 CMakeFiles/sample-f407vg.dir/Project/projectMain.cpp.obj
                0x00000000080018fc                LcdDriver::set_pin(GPIO_TypeDef*, unsigned short, char const*)
 .text._ZN9LcdDriver4initEv
                0x00000000080019b4       0xa2 CMakeFiles/sample-f407vg.dir/Project/projectMain.cpp.obj
                0x00000000080019b4                LcdDriver::init()
 .text._ZN9LcdDriver5clearEv
                0x0000000008001a56       0x40 CMakeFiles/sample-f407vg.dir/Project/projectMain.cpp.obj
                0x0000000008001a56                LcdDriver::clear()
 .text._ZN9LcdDriver5setXYEhh
                0x0000000008001a96       0x5c CMakeFiles/sample-f407vg.dir/Project/projectMain.cpp.obj
                0x0000000008001a96                LcdDriver::setXY(unsigned char, unsigned char)
 .text._ZN9LcdDriver15write_to_bufferEihPKhihb
                0x0000000008001af2      0x1c8 CMakeFiles/sample-f407vg.dir/Project/projectMain.cpp.obj
                0x0000000008001af2                LcdDriver::write_to_buffer(int, unsigned char, unsigned char const*, int, unsigned char, bool)
 .text._ZN9LcdDriver10shift_dataEPKhhPhhh
                0x0000000008001cba      0x18e CMakeFiles/sample-f407vg.dir/Project/projectMain.cpp.obj
                0x0000000008001cba                LcdDriver::shift_data(unsigned char const*, unsigned char, unsigned char*, unsigned char, unsigned char)
 .text._ZN9LcdDriver14refresh_screenEv
                0x0000000008001e48       0x6a CMakeFiles/sample-f407vg.dir/Project/projectMain.cpp.obj
                0x0000000008001e48                LcdDriver::refresh_screen()
 .text._ZN9LcdDriver6invertEb
                0x0000000008001eb2       0x20 CMakeFiles/sample-f407vg.dir/Project/projectMain.cpp.obj
                0x0000000008001eb2                LcdDriver::invert(bool)
 .text._ZN9LcdDriver4sendEh
                0x0000000008001ed2       0x60 CMakeFiles/sample-f407vg.dir/Project/projectMain.cpp.obj
                0x0000000008001ed2                LcdDriver::send(unsigned char)
 .text._ZN9LcdDriver5writeEhh
                0x0000000008001f32       0xa6 CMakeFiles/sample-f407vg.dir/Project/projectMain.cpp.obj
                0x0000000008001f32                LcdDriver::write(unsigned char, unsigned char)
 .text._ZN9LcdDriver10count_bitsEh
                0x0000000008001fd8       0x46 CMakeFiles/sample-f407vg.dir/Project/projectMain.cpp.obj
                0x0000000008001fd8                LcdDriver::count_bits(unsigned char)
 .text._ZN9LcdDriver18find_affected_rowsEhh
                0x000000000800201e       0xe4 CMakeFiles/sample-f407vg.dir/Project/projectMain.cpp.obj
                0x000000000800201e                LcdDriver::find_affected_rows(unsigned char, unsigned char)
 .text._ZN9LcdDriverC2Ev
                0x0000000008002102       0x7a CMakeFiles/sample-f407vg.dir/Project/projectMain.cpp.obj
                0x0000000008002102                LcdDriver::LcdDriver()
                0x0000000008002102                LcdDriver::LcdDriver()
 .text._Z14print_examplesi
                0x000000000800217c      0x298 CMakeFiles/sample-f407vg.dir/Project/projectMain.cpp.obj
                0x000000000800217c                print_examples(int)
 .text.projectMain
                0x0000000008002414       0xc4 CMakeFiles/sample-f407vg.dir/Project/projectMain.cpp.obj
                0x0000000008002414                projectMain
 .text._ZN11custom_charILj11EEC2EhhRA11_h
                0x00000000080024d8       0x36 CMakeFiles/sample-f407vg.dir/Project/projectMain.cpp.obj
                0x00000000080024d8                custom_char<11u>::custom_char(unsigned char, unsigned char, unsigned char (&) [11])
                0x00000000080024d8                custom_char<11u>::custom_char(unsigned char, unsigned char, unsigned char (&) [11])
 .text._ZN11custom_charILj504EEC2EhhRA504_h
                0x000000000800250e       0x38 CMakeFiles/sample-f407vg.dir/Project/projectMain.cpp.obj
                0x000000000800250e                custom_char<504u>::custom_char(unsigned char, unsigned char, unsigned char (&) [504])
                0x000000000800250e                custom_char<504u>::custom_char(unsigned char, unsigned char, unsigned char (&) [504])
 .text._ZN9LcdDriver11put_char_xyI11custom_charILj504EEEEvT_hh
                0x0000000008002546      0x106 CMakeFiles/sample-f407vg.dir/Project/projectMain.cpp.obj
                0x0000000008002546                void LcdDriver::put_char_xy<custom_char<504u> >(custom_char<504u>, unsigned char, unsigned char)
 .text._ZN9LcdDriver11put_char_xyI11custom_charILj11EEEEvT_hh
                0x000000000800264c      0x106 CMakeFiles/sample-f407vg.dir/Project/projectMain.cpp.obj
                0x000000000800264c                void LcdDriver::put_char_xy<custom_char<11u> >(custom_char<11u>, unsigned char, unsigned char)
 .text._ZNKSt5arrayIhLj6EE4sizeEv
                0x0000000008002752       0x16 CMakeFiles/sample-f407vg.dir/Project/projectMain.cpp.obj
                0x0000000008002752                std::array<unsigned char, 6u>::size() const
 .text._ZNKSt5arrayIS_IhLj6EELj96EEixEj
                0x0000000008002768       0x1e CMakeFiles/sample-f407vg.dir/Project/projectMain.cpp.obj
                0x0000000008002768                std::array<std::array<unsigned char, 6u>, 96u>::operator[](unsigned int) const
 .text._ZN9LcdDriver12print_bufferIhLj6ELj96EEEvPKchhRKSt5arrayIS3_IT_XT0_EEXT1_EE
                0x0000000008002786      0x14a CMakeFiles/sample-f407vg.dir/Project/projectMain.cpp.obj
                0x0000000008002786                void LcdDriver::print_buffer<unsigned char, 6u, 96u>(char const*, unsigned char, unsigned char, std::array<std::array<unsigned char, 6u>, 96u> const&)
 .text._ZNKSt5arrayIhLj5EE4sizeEv
                0x00000000080028d0       0x16 CMakeFiles/sample-f407vg.dir/Project/projectMain.cpp.obj
                0x00000000080028d0                std::array<unsigned char, 5u>::size() const
 .text._ZNKSt5arrayIS_IhLj5EELj94EEixEj
                0x00000000080028e6       0x1e CMakeFiles/sample-f407vg.dir/Project/projectMain.cpp.obj
                0x00000000080028e6                std::array<std::array<unsigned char, 5u>, 94u>::operator[](unsigned int) const
 .text._ZN9LcdDriver12print_bufferIhLj5ELj94EEEvPKchhRKSt5arrayIS3_IT_XT0_EEXT1_EE
                0x0000000008002904      0x14a CMakeFiles/sample-f407vg.dir/Project/projectMain.cpp.obj
                0x0000000008002904                void LcdDriver::print_buffer<unsigned char, 5u, 94u>(char const*, unsigned char, unsigned char, std::array<std::array<unsigned char, 5u>, 94u> const&)
 .text._ZNSt14__array_traitsISt5arrayIhLj6EELj96EE6_S_refERA96_KS1_j
                0x0000000008002a4e       0x24 CMakeFiles/sample-f407vg.dir/Project/projectMain.cpp.obj
                0x0000000008002a4e                std::__array_traits<std::array<unsigned char, 6u>, 96u>::_S_ref(std::array<unsigned char, 6u> const (&) [96], unsigned int)
 .text._ZNSt14__array_traitsIhLj6EE6_S_ptrERA6_Kh
                0x0000000008002a72       0x16 CMakeFiles/sample-f407vg.dir/Project/projectMain.cpp.obj
                0x0000000008002a72                std::__array_traits<unsigned char, 6u>::_S_ptr(unsigned char const (&) [6])
 .text._ZNKSt5arrayIhLj6EE4dataEv
                0x0000000008002a88       0x1a CMakeFiles/sample-f407vg.dir/Project/projectMain.cpp.obj
                0x0000000008002a88                std::array<unsigned char, 6u>::data() const
 .text._ZNSt14__array_traitsISt5arrayIhLj5EELj94EE6_S_refERA94_KS1_j
                0x0000000008002aa2       0x22 CMakeFiles/sample-f407vg.dir/Project/projectMain.cpp.obj
                0x0000000008002aa2                std::__array_traits<std::array<unsigned char, 5u>, 94u>::_S_ref(std::array<unsigned char, 5u> const (&) [94], unsigned int)
 .text._ZNSt14__array_traitsIhLj5EE6_S_ptrERA5_Kh
                0x0000000008002ac4       0x16 CMakeFiles/sample-f407vg.dir/Project/projectMain.cpp.obj
                0x0000000008002ac4                std::__array_traits<unsigned char, 5u>::_S_ptr(unsigned char const (&) [5])
 .text._ZNKSt5arrayIhLj5EE4dataEv
                0x0000000008002ada       0x1a CMakeFiles/sample-f407vg.dir/Project/projectMain.cpp.obj
                0x0000000008002ada                std::array<unsigned char, 5u>::data() const
 .text._Z41__static_initialization_and_destruction_0ii
                0x0000000008002af4       0x68 CMakeFiles/sample-f407vg.dir/Project/projectMain.cpp.obj
 .text._GLOBAL__sub_I_arrow
                0x0000000008002b5c       0x10 CMakeFiles/sample-f407vg.dir/Project/projectMain.cpp.obj
 .text.Reset_Handler
                0x0000000008002b6c       0x50 CMakeFiles/sample-f407vg.dir/CubeMX/startup_stm32f407xx.s.obj
                0x0000000008002b6c                Reset_Handler
 .text.Default_Handler
                0x0000000008002bbc        0x2 CMakeFiles/sample-f407vg.dir/CubeMX/startup_stm32f407xx.s.obj
                0x0000000008002bbc                RTC_Alarm_IRQHandler
                0x0000000008002bbc                HASH_RNG_IRQHandler
                0x0000000008002bbc                EXTI2_IRQHandler
                0x0000000008002bbc                TIM8_CC_IRQHandler
                0x0000000008002bbc                TIM1_CC_IRQHandler
                0x0000000008002bbc                DMA2_Stream5_IRQHandler
                0x0000000008002bbc                DMA1_Stream5_IRQHandler
                0x0000000008002bbc                PVD_IRQHandler
                0x0000000008002bbc                SDIO_IRQHandler
                0x0000000008002bbc                TAMP_STAMP_IRQHandler
                0x0000000008002bbc                CAN2_RX1_IRQHandler
                0x0000000008002bbc                EXTI3_IRQHandler
                0x0000000008002bbc                TIM8_TRG_COM_TIM14_IRQHandler
                0x0000000008002bbc                TIM1_UP_TIM10_IRQHandler
                0x0000000008002bbc                TIM8_UP_TIM13_IRQHandler
                0x0000000008002bbc                I2C3_ER_IRQHandler
                0x0000000008002bbc                I2C2_EV_IRQHandler
                0x0000000008002bbc                DMA1_Stream2_IRQHandler
                0x0000000008002bbc                CAN1_RX0_IRQHandler
                0x0000000008002bbc                FPU_IRQHandler
                0x0000000008002bbc                OTG_HS_WKUP_IRQHandler
                0x0000000008002bbc                CAN2_SCE_IRQHandler
                0x0000000008002bbc                DMA2_Stream2_IRQHandler
                0x0000000008002bbc                SPI1_IRQHandler
                0x0000000008002bbc                TIM6_DAC_IRQHandler
                0x0000000008002bbc                TIM1_BRK_TIM9_IRQHandler
                0x0000000008002bbc                DCMI_IRQHandler
                0x0000000008002bbc                CAN2_RX0_IRQHandler
                0x0000000008002bbc                DMA2_Stream3_IRQHandler
                0x0000000008002bbc                USART6_IRQHandler
                0x0000000008002bbc                USART3_IRQHandler
                0x0000000008002bbc                CAN1_RX1_IRQHandler
                0x0000000008002bbc                UART5_IRQHandler
                0x0000000008002bbc                DMA2_Stream0_IRQHandler
                0x0000000008002bbc                TIM4_IRQHandler
                0x0000000008002bbc                I2C1_EV_IRQHandler
                0x0000000008002bbc                DMA1_Stream6_IRQHandler
                0x0000000008002bbc                DMA1_Stream1_IRQHandler
                0x0000000008002bbc                UART4_IRQHandler
                0x0000000008002bbc                TIM3_IRQHandler
                0x0000000008002bbc                RCC_IRQHandler
                0x0000000008002bbc                TIM8_BRK_TIM12_IRQHandler
                0x0000000008002bbc                Default_Handler
                0x0000000008002bbc                EXTI15_10_IRQHandler
                0x0000000008002bbc                ADC_IRQHandler
                0x0000000008002bbc                DMA1_Stream7_IRQHandler
                0x0000000008002bbc                TIM7_IRQHandler
                0x0000000008002bbc                CAN2_TX_IRQHandler
                0x0000000008002bbc                TIM5_IRQHandler
                0x0000000008002bbc                DMA2_Stream7_IRQHandler
                0x0000000008002bbc                I2C3_EV_IRQHandler
                0x0000000008002bbc                RTC_WKUP_IRQHandler
                0x0000000008002bbc                ETH_WKUP_IRQHandler
                0x0000000008002bbc                SPI2_IRQHandler
                0x0000000008002bbc                OTG_HS_EP1_IN_IRQHandler
                0x0000000008002bbc                DMA1_Stream0_IRQHandler
                0x0000000008002bbc                CAN1_TX_IRQHandler
                0x0000000008002bbc                EXTI4_IRQHandler
                0x0000000008002bbc                FSMC_IRQHandler
                0x0000000008002bbc                ETH_IRQHandler
                0x0000000008002bbc                OTG_HS_EP1_OUT_IRQHandler
                0x0000000008002bbc                WWDG_IRQHandler
                0x0000000008002bbc                TIM2_IRQHandler
                0x0000000008002bbc                OTG_FS_WKUP_IRQHandler
                0x0000000008002bbc                TIM1_TRG_COM_TIM11_IRQHandler
                0x0000000008002bbc                OTG_HS_IRQHandler
                0x0000000008002bbc                EXTI1_IRQHandler
                0x0000000008002bbc                USART2_IRQHandler
                0x0000000008002bbc                I2C2_ER_IRQHandler
                0x0000000008002bbc                DMA2_Stream1_IRQHandler
                0x0000000008002bbc                CAN1_SCE_IRQHandler
                0x0000000008002bbc                FLASH_IRQHandler
                0x0000000008002bbc                DMA2_Stream4_IRQHandler
                0x0000000008002bbc                USART1_IRQHandler
                0x0000000008002bbc                OTG_FS_IRQHandler
                0x0000000008002bbc                SPI3_IRQHandler
                0x0000000008002bbc                DMA1_Stream4_IRQHandler
                0x0000000008002bbc                I2C1_ER_IRQHandler
                0x0000000008002bbc                DMA2_Stream6_IRQHandler
                0x0000000008002bbc                DMA1_Stream3_IRQHandler
 *fill*         0x0000000008002bbe        0x2 
 .text.__libc_init_array
                0x0000000008002bc0       0x48 /opt/gcc-arm-none-eabi-10.3-2021.10/bin/../lib/gcc/arm-none-eabi/10.3.1/../../../../arm-none-eabi/lib/thumb/v7e-m+fp/hard/libc_nano.a(lib_a-init.o)
                0x0000000008002bc0                __libc_init_array
 .text.memcpy   0x0000000008002c08       0x1c /opt/gcc-arm-none-eabi-10.3-2021.10/bin/../lib/gcc/arm-none-eabi/10.3.1/../../../../arm-none-eabi/lib/thumb/v7e-m+fp/hard/libc_nano.a(lib_a-memcpy-stub.o)
                0x0000000008002c08                memcpy
 .text.memset   0x0000000008002c24       0x10 /opt/gcc-arm-none-eabi-10.3-2021.10/bin/../lib/gcc/arm-none-eabi/10.3.1/../../../../arm-none-eabi/lib/thumb/v7e-m+fp/hard/libc_nano.a(lib_a-memset.o)
                0x0000000008002c24                memset
 *(.glue_7)
 .glue_7        0x0000000008002c34        0x0 linker stubs
 *(.glue_7t)
 .glue_7t       0x0000000008002c34        0x0 linker stubs
 *(.eh_frame)
 .eh_frame      0x0000000008002c34        0x0 /opt/gcc-arm-none-eabi-10.3-2021.10/bin/../lib/gcc/arm-none-eabi/10.3.1/thumb/v7e-m+fp/hard/crtbegin.o
 *(.init)
 .init          0x0000000008002c34        0x4 /opt/gcc-arm-none-eabi-10.3-2021.10/bin/../lib/gcc/arm-none-eabi/10.3.1/thumb/v7e-m+fp/hard/crti.o
                0x0000000008002c34                _init
 .init          0x0000000008002c38        0x8 /opt/gcc-arm-none-eabi-10.3-2021.10/bin/../lib/gcc/arm-none-eabi/10.3.1/thumb/v7e-m+fp/hard/crtn.o
 *(.fini)
 .fini          0x0000000008002c40        0x4 /opt/gcc-arm-none-eabi-10.3-2021.10/bin/../lib/gcc/arm-none-eabi/10.3.1/thumb/v7e-m+fp/hard/crti.o
                0x0000000008002c40                _fini
 .fini          0x0000000008002c44        0x8 /opt/gcc-arm-none-eabi-10.3-2021.10/bin/../lib/gcc/arm-none-eabi/10.3.1/thumb/v7e-m+fp/hard/crtn.o
                0x0000000008002c4c                . = ALIGN (0x4)
                0x0000000008002c4c                _etext = .

.vfp11_veneer   0x0000000008002c4c        0x0
 .vfp11_veneer  0x0000000008002c4c        0x0 linker stubs

.v4_bx          0x0000000008002c4c        0x0
 .v4_bx         0x0000000008002c4c        0x0 linker stubs

.iplt           0x0000000008002c4c        0x0
 .iplt          0x0000000008002c4c        0x0 /opt/gcc-arm-none-eabi-10.3-2021.10/bin/../lib/gcc/arm-none-eabi/10.3.1/thumb/v7e-m+fp/hard/crtbegin.o

.rodata         0x0000000008002c4c      0x45c
                0x0000000008002c4c                . = ALIGN (0x4)
 *(.rodata)
 .rodata        0x0000000008002c4c       0x33 CMakeFiles/sample-f407vg.dir/Project/projectMain.cpp.obj
 *(.rodata*)
 *fill*         0x0000000008002c7f        0x1 
 .rodata.AHBPrescTable
                0x0000000008002c80       0x10 CMakeFiles/sample-f407vg.dir/Core/Src/system_stm32f4xx.c.obj
                0x0000000008002c80                AHBPrescTable
 .rodata._ZL11FontDefault
                0x0000000008002c90      0x1d6 CMakeFiles/sample-f407vg.dir/Project/projectMain.cpp.obj
 *fill*         0x0000000008002e66        0x2 
 .rodata._ZL7Default
                0x0000000008002e68      0x240 CMakeFiles/sample-f407vg.dir/Project/projectMain.cpp.obj
                0x00000000080030a8                . = ALIGN (0x4)

.ARM.extab
 *(.ARM.extab* .gnu.linkonce.armextab.*)

.ARM            0x00000000080030a8        0x8
                0x00000000080030a8                __exidx_start = .
 *(.ARM.exidx*)
 .ARM.exidx     0x00000000080030a8        0x8 /opt/gcc-arm-none-eabi-10.3-2021.10/bin/../lib/gcc/arm-none-eabi/10.3.1/thumb/v7e-m+fp/hard/libgcc.a(_udivmoddi4.o)
                0x00000000080030b0                __exidx_end = .

.rel.dyn        0x00000000080030b0        0x0
 .rel.iplt      0x00000000080030b0        0x0 /opt/gcc-arm-none-eabi-10.3-2021.10/bin/../lib/gcc/arm-none-eabi/10.3.1/thumb/v7e-m+fp/hard/crtbegin.o

.preinit_array  0x00000000080030b0        0x0
                0x00000000080030b0                PROVIDE (__preinit_array_start = .)
 *(.preinit_array*)
                0x00000000080030b0                PROVIDE (__preinit_array_end = .)

.init_array     0x00000000080030b0        0x8
                0x00000000080030b0                PROVIDE (__init_array_start = .)
 *(SORT_BY_NAME(.init_array.*))
 *(.init_array*)
 .init_array    0x00000000080030b0        0x4 /opt/gcc-arm-none-eabi-10.3-2021.10/bin/../lib/gcc/arm-none-eabi/10.3.1/thumb/v7e-m+fp/hard/crtbegin.o
 .init_array    0x00000000080030b4        0x4 CMakeFiles/sample-f407vg.dir/Project/projectMain.cpp.obj
                0x00000000080030b8                PROVIDE (__init_array_end = .)

.fini_array     0x00000000080030b8        0x4
                [!provide]                        PROVIDE (__fini_array_start = .)
 *(SORT_BY_NAME(.fini_array.*))
 *(.fini_array*)
 .fini_array    0x00000000080030b8        0x4 /opt/gcc-arm-none-eabi-10.3-2021.10/bin/../lib/gcc/arm-none-eabi/10.3.1/thumb/v7e-m+fp/hard/crtbegin.o
                [!provide]                        PROVIDE (__fini_array_end = .)
                0x00000000080030bc                _sidata = LOADADDR (.data)

.data           0x0000000020000000      0x408 load address 0x00000000080030bc
                0x0000000020000000                . = ALIGN (0x4)
                0x0000000020000000                _sdata = .
 *(.data)
 *(.data*)
 .data.SystemCoreClock
                0x0000000020000000        0x4 CMakeFiles/sample-f407vg.dir/Core/Src/system_stm32f4xx.c.obj
                0x0000000020000000                SystemCoreClock
 .data.uwTickPrio
                0x0000000020000004        0x4 CMakeFiles/sample-f407vg.dir/Drivers/STM32F4xx_HAL_Driver/Src/stm32f4xx_hal.c.obj
                0x0000000020000004                uwTickPrio
 .data.uwTickFreq
                0x0000000020000008        0x1 CMakeFiles/sample-f407vg.dir/Drivers/STM32F4xx_HAL_Driver/Src/stm32f4xx_hal.c.obj
                0x0000000020000008                uwTickFreq
 *fill*         0x0000000020000009        0x3 
 .data.arrow    0x000000002000000c        0xb CMakeFiles/sample-f407vg.dir/Project/projectMain.cpp.obj
                0x000000002000000c                arrow
 *fill*         0x0000000020000017        0x1 
 .data.gui_array
                0x0000000020000018      0x1f8 CMakeFiles/sample-f407vg.dir/Project/projectMain.cpp.obj
                0x0000000020000018                gui_array
 .data.gui_main_array
                0x0000000020000210      0x1f8 CMakeFiles/sample-f407vg.dir/Project/projectMain.cpp.obj
                0x0000000020000210                gui_main_array
                0x0000000020000408                . = ALIGN (0x4)
                0x0000000020000408                _edata = .
                0x00000000080034c4                _siccmram = LOADADDR (.ccmram)

.igot.plt       0x0000000020000408        0x0 load address 0x00000000080034c4
 .igot.plt      0x0000000020000408        0x0 /opt/gcc-arm-none-eabi-10.3-2021.10/bin/../lib/gcc/arm-none-eabi/10.3.1/thumb/v7e-m+fp/hard/crtbegin.o

.ccmram         0x0000000010000000        0x0 load address 0x00000000080034c4
                0x0000000010000000                . = ALIGN (0x4)
                0x0000000010000000                _sccmram = .
 *(.ccmram)
 *(.ccmram*)
                0x0000000010000000                . = ALIGN (0x4)
                0x0000000010000000                _eccmram = .
                0x0000000010000000                . = ALIGN (0x4)

.bss            0x0000000020000408      0x654
                0x0000000020000408                _sbss = .
                0x0000000020000408                __bss_start__ = _sbss
 *(.bss)
 .bss           0x0000000020000408       0x1c /opt/gcc-arm-none-eabi-10.3-2021.10/bin/../lib/gcc/arm-none-eabi/10.3.1/thumb/v7e-m+fp/hard/crtbegin.o
 *(.bss*)
 .bss.uwTick    0x0000000020000424        0x4 CMakeFiles/sample-f407vg.dir/Drivers/STM32F4xx_HAL_Driver/Src/stm32f4xx_hal.c.obj
                0x0000000020000424                uwTick
 .bss.arrow_char
                0x0000000020000428        0xd CMakeFiles/sample-f407vg.dir/Project/projectMain.cpp.obj
                0x0000000020000428                arrow_char
 *fill*         0x0000000020000435        0x3 
 .bss.menu_gui  0x0000000020000438      0x1fa CMakeFiles/sample-f407vg.dir/Project/projectMain.cpp.obj
                0x0000000020000438                menu_gui
 *fill*         0x0000000020000632        0x2 
 .bss.main_gui  0x0000000020000634      0x1fa CMakeFiles/sample-f407vg.dir/Project/projectMain.cpp.obj
                0x0000000020000634                main_gui
 *fill*         0x000000002000082e        0x2 
 .bss.lcd       0x0000000020000830      0x22c CMakeFiles/sample-f407vg.dir/Project/projectMain.cpp.obj
                0x0000000020000830                lcd
 *(COMMON)
                0x0000000020000a5c                . = ALIGN (0x4)
                0x0000000020000a5c                _ebss = .
                0x0000000020000a5c                __bss_end__ = _ebss

._user_heap_stack
                0x0000000020000a5c      0x604
                0x0000000020000a60                . = ALIGN (0x8)
 *fill*         0x0000000020000a5c        0x4 
                [!provide]                        PROVIDE (end = .)
                [!provide]                        PROVIDE (_end = .)
                0x0000000020000c60                . = (. + _Min_Heap_Size)
 *fill*         0x0000000020000a60      0x200 
                0x0000000020001060                . = (. + _Min_Stack_Size)
 *fill*         0x0000000020000c60      0x400 
                0x0000000020001060                . = ALIGN (0x8)

/DISCARD/
 libc.a(*)
 libm.a(*)
 libgcc.a(*)

.ARM.attributes
                0x0000000000000000       0x30
 *(.ARM.attributes)
 .ARM.attributes
                0x0000000000000000       0x1e /opt/gcc-arm-none-eabi-10.3-2021.10/bin/../lib/gcc/arm-none-eabi/10.3.1/thumb/v7e-m+fp/hard/crti.o
 .ARM.attributes
                0x000000000000001e       0x34 /opt/gcc-arm-none-eabi-10.3-2021.10/bin/../lib/gcc/arm-none-eabi/10.3.1/thumb/v7e-m+fp/hard/crtbegin.o
 .ARM.attributes
                0x0000000000000052       0x34 CMakeFiles/sample-f407vg.dir/Core/Src/gpio.c.obj
 .ARM.attributes
                0x0000000000000086       0x34 CMakeFiles/sample-f407vg.dir/Core/Src/main.c.obj
 .ARM.attributes
                0x00000000000000ba       0x34 CMakeFiles/sample-f407vg.dir/Core/Src/stm32f4xx_hal_msp.c.obj
 .ARM.attributes
                0x00000000000000ee       0x34 CMakeFiles/sample-f407vg.dir/Core/Src/stm32f4xx_it.c.obj
 .ARM.attributes
                0x0000000000000122       0x34 CMakeFiles/sample-f407vg.dir/Core/Src/system_stm32f4xx.c.obj
 .ARM.attributes
                0x0000000000000156       0x34 CMakeFiles/sample-f407vg.dir/Drivers/STM32F4xx_HAL_Driver/Src/stm32f4xx_hal.c.obj
 .ARM.attributes
                0x000000000000018a       0x34 CMakeFiles/sample-f407vg.dir/Drivers/STM32F4xx_HAL_Driver/Src/stm32f4xx_hal_cortex.c.obj
 .ARM.attributes
                0x00000000000001be       0x34 CMakeFiles/sample-f407vg.dir/Drivers/STM32F4xx_HAL_Driver/Src/stm32f4xx_hal_gpio.c.obj
 .ARM.attributes
                0x00000000000001f2       0x34 CMakeFiles/sample-f407vg.dir/Drivers/STM32F4xx_HAL_Driver/Src/stm32f4xx_hal_rcc.c.obj
 .ARM.attributes
                0x0000000000000226       0x34 CMakeFiles/sample-f407vg.dir/Project/projectMain.cpp.obj
 .ARM.attributes
                0x000000000000025a       0x21 CMakeFiles/sample-f407vg.dir/CubeMX/startup_stm32f407xx.s.obj
 .ARM.attributes
                0x000000000000027b       0x34 /opt/gcc-arm-none-eabi-10.3-2021.10/bin/../lib/gcc/arm-none-eabi/10.3.1/../../../../arm-none-eabi/lib/thumb/v7e-m+fp/hard/libc_nano.a(lib_a-init.o)
 .ARM.attributes
                0x00000000000002af       0x34 /opt/gcc-arm-none-eabi-10.3-2021.10/bin/../lib/gcc/arm-none-eabi/10.3.1/../../../../arm-none-eabi/lib/thumb/v7e-m+fp/hard/libc_nano.a(lib_a-memcpy-stub.o)
 .ARM.attributes
                0x00000000000002e3       0x34 /opt/gcc-arm-none-eabi-10.3-2021.10/bin/../lib/gcc/arm-none-eabi/10.3.1/../../../../arm-none-eabi/lib/thumb/v7e-m+fp/hard/libc_nano.a(lib_a-memset.o)
 .ARM.attributes
                0x0000000000000317       0x1c /opt/gcc-arm-none-eabi-10.3-2021.10/bin/../lib/gcc/arm-none-eabi/10.3.1/../../../../arm-none-eabi/lib/thumb/v7e-m+fp/hard/libc_nano.a(lib_a-strcmp.o)
 .ARM.attributes
                0x0000000000000333       0x1e /opt/gcc-arm-none-eabi-10.3-2021.10/bin/../lib/gcc/arm-none-eabi/10.3.1/thumb/v7e-m+fp/hard/libgcc.a(_aeabi_uldivmod.o)
 .ARM.attributes
                0x0000000000000351       0x34 /opt/gcc-arm-none-eabi-10.3-2021.10/bin/../lib/gcc/arm-none-eabi/10.3.1/thumb/v7e-m+fp/hard/libgcc.a(_udivmoddi4.o)
 .ARM.attributes
                0x0000000000000385       0x1e /opt/gcc-arm-none-eabi-10.3-2021.10/bin/../lib/gcc/arm-none-eabi/10.3.1/thumb/v7e-m+fp/hard/libgcc.a(_dvmd_tls.o)
 .ARM.attributes
                0x00000000000003a3       0x1e /opt/gcc-arm-none-eabi-10.3-2021.10/bin/../lib/gcc/arm-none-eabi/10.3.1/thumb/v7e-m+fp/hard/crtn.o
OUTPUT(sample-f407vg.elf elf32-littlearm)
LOAD linker stubs
LOAD /opt/gcc-arm-none-eabi-10.3-2021.10/bin/../lib/gcc/arm-none-eabi/10.3.1/../../../../arm-none-eabi/lib/thumb/v7e-m+fp/hard/libc.a
LOAD /opt/gcc-arm-none-eabi-10.3-2021.10/bin/../lib/gcc/arm-none-eabi/10.3.1/../../../../arm-none-eabi/lib/thumb/v7e-m+fp/hard/libm.a
LOAD /opt/gcc-arm-none-eabi-10.3-2021.10/bin/../lib/gcc/arm-none-eabi/10.3.1/thumb/v7e-m+fp/hard/libgcc.a

.debug_info     0x0000000000000000     0xa486
 .debug_info    0x0000000000000000      0x69d CMakeFiles/sample-f407vg.dir/Core/Src/gpio.c.obj
 .debug_info    0x000000000000069d      0x4b1 CMakeFiles/sample-f407vg.dir/Core/Src/main.c.obj
 .debug_info    0x0000000000000b4e      0x2a8 CMakeFiles/sample-f407vg.dir/Core/Src/stm32f4xx_hal_msp.c.obj
 .debug_info    0x0000000000000df6      0x1f8 CMakeFiles/sample-f407vg.dir/Core/Src/stm32f4xx_it.c.obj
 .debug_info    0x0000000000000fee      0x51a CMakeFiles/sample-f407vg.dir/Core/Src/system_stm32f4xx.c.obj
 .debug_info    0x0000000000001508      0x90a CMakeFiles/sample-f407vg.dir/Drivers/STM32F4xx_HAL_Driver/Src/stm32f4xx_hal.c.obj
 .debug_info    0x0000000000001e12      0xe34 CMakeFiles/sample-f407vg.dir/Drivers/STM32F4xx_HAL_Driver/Src/stm32f4xx_hal_cortex.c.obj
 .debug_info    0x0000000000002c46      0x763 CMakeFiles/sample-f407vg.dir/Drivers/STM32F4xx_HAL_Driver/Src/stm32f4xx_hal_gpio.c.obj
 .debug_info    0x00000000000033a9      0x923 CMakeFiles/sample-f407vg.dir/Drivers/STM32F4xx_HAL_Driver/Src/stm32f4xx_hal_rcc.c.obj
 .debug_info    0x0000000000003ccc     0x6798 CMakeFiles/sample-f407vg.dir/Project/projectMain.cpp.obj
 .debug_info    0x000000000000a464       0x22 CMakeFiles/sample-f407vg.dir/CubeMX/startup_stm32f407xx.s.obj

.debug_abbrev   0x0000000000000000     0x134a
 .debug_abbrev  0x0000000000000000      0x12a CMakeFiles/sample-f407vg.dir/Core/Src/gpio.c.obj
 .debug_abbrev  0x000000000000012a      0x17d CMakeFiles/sample-f407vg.dir/Core/Src/main.c.obj
 .debug_abbrev  0x00000000000002a7       0xd4 CMakeFiles/sample-f407vg.dir/Core/Src/stm32f4xx_hal_msp.c.obj
 .debug_abbrev  0x000000000000037b       0xdc CMakeFiles/sample-f407vg.dir/Core/Src/stm32f4xx_it.c.obj
 .debug_abbrev  0x0000000000000457      0x110 CMakeFiles/sample-f407vg.dir/Core/Src/system_stm32f4xx.c.obj
 .debug_abbrev  0x0000000000000567      0x19c CMakeFiles/sample-f407vg.dir/Drivers/STM32F4xx_HAL_Driver/Src/stm32f4xx_hal.c.obj
 .debug_abbrev  0x0000000000000703      0x2c2 CMakeFiles/sample-f407vg.dir/Drivers/STM32F4xx_HAL_Driver/Src/stm32f4xx_hal_cortex.c.obj
 .debug_abbrev  0x00000000000009c5      0x1a8 CMakeFiles/sample-f407vg.dir/Drivers/STM32F4xx_HAL_Driver/Src/stm32f4xx_hal_gpio.c.obj
 .debug_abbrev  0x0000000000000b6d      0x228 CMakeFiles/sample-f407vg.dir/Drivers/STM32F4xx_HAL_Driver/Src/stm32f4xx_hal_rcc.c.obj
 .debug_abbrev  0x0000000000000d95      0x5a3 CMakeFiles/sample-f407vg.dir/Project/projectMain.cpp.obj
 .debug_abbrev  0x0000000000001338       0x12 CMakeFiles/sample-f407vg.dir/CubeMX/startup_stm32f407xx.s.obj

.debug_aranges  0x0000000000000000      0x540
 .debug_aranges
                0x0000000000000000       0x20 CMakeFiles/sample-f407vg.dir/Core/Src/gpio.c.obj
 .debug_aranges
                0x0000000000000020       0x30 CMakeFiles/sample-f407vg.dir/Core/Src/main.c.obj
 .debug_aranges
                0x0000000000000050       0x20 CMakeFiles/sample-f407vg.dir/Core/Src/stm32f4xx_hal_msp.c.obj
 .debug_aranges
                0x0000000000000070       0x70 CMakeFiles/sample-f407vg.dir/Core/Src/stm32f4xx_it.c.obj
 .debug_aranges
                0x00000000000000e0       0x28 CMakeFiles/sample-f407vg.dir/Core/Src/system_stm32f4xx.c.obj
 .debug_aranges
                0x0000000000000108       0xf0 CMakeFiles/sample-f407vg.dir/Drivers/STM32F4xx_HAL_Driver/Src/stm32f4xx_hal.c.obj
 .debug_aranges
                0x00000000000001f8      0x120 CMakeFiles/sample-f407vg.dir/Drivers/STM32F4xx_HAL_Driver/Src/stm32f4xx_hal_cortex.c.obj
 .debug_aranges
                0x0000000000000318       0x58 CMakeFiles/sample-f407vg.dir/Drivers/STM32F4xx_HAL_Driver/Src/stm32f4xx_hal_gpio.c.obj
 .debug_aranges
                0x0000000000000370       0x88 CMakeFiles/sample-f407vg.dir/Drivers/STM32F4xx_HAL_Driver/Src/stm32f4xx_hal_rcc.c.obj
 .debug_aranges
                0x00000000000003f8      0x120 CMakeFiles/sample-f407vg.dir/Project/projectMain.cpp.obj
 .debug_aranges
                0x0000000000000518       0x28 CMakeFiles/sample-f407vg.dir/CubeMX/startup_stm32f407xx.s.obj

.debug_ranges   0x0000000000000000      0x498
 .debug_ranges  0x0000000000000000       0x10 CMakeFiles/sample-f407vg.dir/Core/Src/gpio.c.obj
 .debug_ranges  0x0000000000000010       0x20 CMakeFiles/sample-f407vg.dir/Core/Src/main.c.obj
 .debug_ranges  0x0000000000000030       0x10 CMakeFiles/sample-f407vg.dir/Core/Src/stm32f4xx_hal_msp.c.obj
 .debug_ranges  0x0000000000000040       0x60 CMakeFiles/sample-f407vg.dir/Core/Src/stm32f4xx_it.c.obj
 .debug_ranges  0x00000000000000a0       0x18 CMakeFiles/sample-f407vg.dir/Core/Src/system_stm32f4xx.c.obj
 .debug_ranges  0x00000000000000b8       0xe0 CMakeFiles/sample-f407vg.dir/Drivers/STM32F4xx_HAL_Driver/Src/stm32f4xx_hal.c.obj
 .debug_ranges  0x0000000000000198      0x110 CMakeFiles/sample-f407vg.dir/Drivers/STM32F4xx_HAL_Driver/Src/stm32f4xx_hal_cortex.c.obj
 .debug_ranges  0x00000000000002a8       0x48 CMakeFiles/sample-f407vg.dir/Drivers/STM32F4xx_HAL_Driver/Src/stm32f4xx_hal_gpio.c.obj
 .debug_ranges  0x00000000000002f0       0x78 CMakeFiles/sample-f407vg.dir/Drivers/STM32F4xx_HAL_Driver/Src/stm32f4xx_hal_rcc.c.obj
 .debug_ranges  0x0000000000000368      0x110 CMakeFiles/sample-f407vg.dir/Project/projectMain.cpp.obj
 .debug_ranges  0x0000000000000478       0x20 CMakeFiles/sample-f407vg.dir/CubeMX/startup_stm32f407xx.s.obj

.debug_macro    0x0000000000000000    0x22442
 .debug_macro   0x0000000000000000      0x1c9 CMakeFiles/sample-f407vg.dir/Core/Src/gpio.c.obj
 .debug_macro   0x00000000000001c9      0xa72 CMakeFiles/sample-f407vg.dir/Core/Src/gpio.c.obj
 .debug_macro   0x0000000000000c3b      0x28f CMakeFiles/sample-f407vg.dir/Core/Src/gpio.c.obj
 .debug_macro   0x0000000000000eca       0x33 CMakeFiles/sample-f407vg.dir/Core/Src/gpio.c.obj
 .debug_macro   0x0000000000000efd       0x2f CMakeFiles/sample-f407vg.dir/Core/Src/gpio.c.obj
 .debug_macro   0x0000000000000f2c       0x22 CMakeFiles/sample-f407vg.dir/Core/Src/gpio.c.obj
 .debug_macro   0x0000000000000f4e       0x8e CMakeFiles/sample-f407vg.dir/Core/Src/gpio.c.obj
 .debug_macro   0x0000000000000fdc       0x51 CMakeFiles/sample-f407vg.dir/Core/Src/gpio.c.obj
 .debug_macro   0x000000000000102d      0x103 CMakeFiles/sample-f407vg.dir/Core/Src/gpio.c.obj
 .debug_macro   0x0000000000001130       0x6a CMakeFiles/sample-f407vg.dir/Core/Src/gpio.c.obj
 .debug_macro   0x000000000000119a      0x1df CMakeFiles/sample-f407vg.dir/Core/Src/gpio.c.obj
 .debug_macro   0x0000000000001379       0x1c CMakeFiles/sample-f407vg.dir/Core/Src/gpio.c.obj
 .debug_macro   0x0000000000001395       0x22 CMakeFiles/sample-f407vg.dir/Core/Src/gpio.c.obj
 .debug_macro   0x00000000000013b7       0xdc CMakeFiles/sample-f407vg.dir/Core/Src/gpio.c.obj
 .debug_macro   0x0000000000001493     0x102d CMakeFiles/sample-f407vg.dir/Core/Src/gpio.c.obj
 .debug_macro   0x00000000000024c0      0x11f CMakeFiles/sample-f407vg.dir/Core/Src/gpio.c.obj
 .debug_macro   0x00000000000025df    0x15e72 CMakeFiles/sample-f407vg.dir/Core/Src/gpio.c.obj
 .debug_macro   0x0000000000018451       0x6d CMakeFiles/sample-f407vg.dir/Core/Src/gpio.c.obj
 .debug_macro   0x00000000000184be     0x368c CMakeFiles/sample-f407vg.dir/Core/Src/gpio.c.obj
 .debug_macro   0x000000000001bb4a      0x174 CMakeFiles/sample-f407vg.dir/Core/Src/gpio.c.obj
 .debug_macro   0x000000000001bcbe       0x5c CMakeFiles/sample-f407vg.dir/Core/Src/gpio.c.obj
 .debug_macro   0x000000000001bd1a      0x980 CMakeFiles/sample-f407vg.dir/Core/Src/gpio.c.obj
 .debug_macro   0x000000000001c69a      0x9e9 CMakeFiles/sample-f407vg.dir/Core/Src/gpio.c.obj
 .debug_macro   0x000000000001d083      0x115 CMakeFiles/sample-f407vg.dir/Core/Src/gpio.c.obj
 .debug_macro   0x000000000001d198      0x13e CMakeFiles/sample-f407vg.dir/Core/Src/gpio.c.obj
 .debug_macro   0x000000000001d2d6       0xa5 CMakeFiles/sample-f407vg.dir/Core/Src/gpio.c.obj
 .debug_macro   0x000000000001d37b      0x174 CMakeFiles/sample-f407vg.dir/Core/Src/gpio.c.obj
 .debug_macro   0x000000000001d4ef      0x287 CMakeFiles/sample-f407vg.dir/Core/Src/gpio.c.obj
 .debug_macro   0x000000000001d776       0x5f CMakeFiles/sample-f407vg.dir/Core/Src/gpio.c.obj
 .debug_macro   0x000000000001d7d5      0x236 CMakeFiles/sample-f407vg.dir/Core/Src/gpio.c.obj
 .debug_macro   0x000000000001da0b      0x12c CMakeFiles/sample-f407vg.dir/Core/Src/gpio.c.obj
 .debug_macro   0x000000000001db37      0x21e CMakeFiles/sample-f407vg.dir/Core/Src/gpio.c.obj
 .debug_macro   0x000000000001dd55       0x2e CMakeFiles/sample-f407vg.dir/Core/Src/gpio.c.obj
 .debug_macro   0x000000000001dd83      0x127 CMakeFiles/sample-f407vg.dir/Core/Src/gpio.c.obj
 .debug_macro   0x000000000001deaa       0x7e CMakeFiles/sample-f407vg.dir/Core/Src/gpio.c.obj
 .debug_macro   0x000000000001df28       0x89 CMakeFiles/sample-f407vg.dir/Core/Src/gpio.c.obj
 .debug_macro   0x000000000001dfb1      0x12d CMakeFiles/sample-f407vg.dir/Core/Src/gpio.c.obj
 .debug_macro   0x000000000001e0de      0x190 CMakeFiles/sample-f407vg.dir/Core/Src/gpio.c.obj
 .debug_macro   0x000000000001e26e      0x1d1 CMakeFiles/sample-f407vg.dir/Core/Src/main.c.obj
 .debug_macro   0x000000000001e43f      0x1bf CMakeFiles/sample-f407vg.dir/Core/Src/stm32f4xx_hal_msp.c.obj
 .debug_macro   0x000000000001e5fe      0x1cd CMakeFiles/sample-f407vg.dir/Core/Src/stm32f4xx_it.c.obj
 .debug_macro   0x000000000001e7cb      0x1b0 CMakeFiles/sample-f407vg.dir/Core/Src/system_stm32f4xx.c.obj
 .debug_macro   0x000000000001e97b      0x210 CMakeFiles/sample-f407vg.dir/Drivers/STM32F4xx_HAL_Driver/Src/stm32f4xx_hal.c.obj
 .debug_macro   0x000000000001eb8b      0x1b0 CMakeFiles/sample-f407vg.dir/Drivers/STM32F4xx_HAL_Driver/Src/stm32f4xx_hal_cortex.c.obj
 .debug_macro   0x000000000001ed3b      0x1b6 CMakeFiles/sample-f407vg.dir/Drivers/STM32F4xx_HAL_Driver/Src/stm32f4xx_hal_gpio.c.obj
 .debug_macro   0x000000000001eef1      0x1d4 CMakeFiles/sample-f407vg.dir/Drivers/STM32F4xx_HAL_Driver/Src/stm32f4xx_hal_rcc.c.obj
 .debug_macro   0x000000000001f0c5      0x471 CMakeFiles/sample-f407vg.dir/Project/projectMain.cpp.obj
 .debug_macro   0x000000000001f536      0xbfe CMakeFiles/sample-f407vg.dir/Project/projectMain.cpp.obj
 .debug_macro   0x0000000000020134       0x1c CMakeFiles/sample-f407vg.dir/Project/projectMain.cpp.obj
 .debug_macro   0x0000000000020150     0x102d CMakeFiles/sample-f407vg.dir/Project/projectMain.cpp.obj
 .debug_macro   0x000000000002117d      0x17b CMakeFiles/sample-f407vg.dir/Project/projectMain.cpp.obj
 .debug_macro   0x00000000000212f8       0x52 CMakeFiles/sample-f407vg.dir/Project/projectMain.cpp.obj
 .debug_macro   0x000000000002134a       0x1e CMakeFiles/sample-f407vg.dir/Project/projectMain.cpp.obj
 .debug_macro   0x0000000000021368       0x3c CMakeFiles/sample-f407vg.dir/Project/projectMain.cpp.obj
 .debug_macro   0x00000000000213a4       0x34 CMakeFiles/sample-f407vg.dir/Project/projectMain.cpp.obj
 .debug_macro   0x00000000000213d8       0x16 CMakeFiles/sample-f407vg.dir/Project/projectMain.cpp.obj
 .debug_macro   0x00000000000213ee       0x43 CMakeFiles/sample-f407vg.dir/Project/projectMain.cpp.obj
 .debug_macro   0x0000000000021431       0x34 CMakeFiles/sample-f407vg.dir/Project/projectMain.cpp.obj
 .debug_macro   0x0000000000021465       0x10 CMakeFiles/sample-f407vg.dir/Project/projectMain.cpp.obj
 .debug_macro   0x0000000000021475       0x58 CMakeFiles/sample-f407vg.dir/Project/projectMain.cpp.obj
 .debug_macro   0x00000000000214cd       0x71 CMakeFiles/sample-f407vg.dir/Project/projectMain.cpp.obj
 .debug_macro   0x000000000002153e       0x16 CMakeFiles/sample-f407vg.dir/Project/projectMain.cpp.obj
 .debug_macro   0x0000000000021554      0x12a CMakeFiles/sample-f407vg.dir/Project/projectMain.cpp.obj
 .debug_macro   0x000000000002167e      0x364 CMakeFiles/sample-f407vg.dir/Project/projectMain.cpp.obj
 .debug_macro   0x00000000000219e2       0x10 CMakeFiles/sample-f407vg.dir/Project/projectMain.cpp.obj
 .debug_macro   0x00000000000219f2       0x35 CMakeFiles/sample-f407vg.dir/Project/projectMain.cpp.obj
 .debug_macro   0x0000000000021a27      0x18a CMakeFiles/sample-f407vg.dir/Project/projectMain.cpp.obj
 .debug_macro   0x0000000000021bb1       0x10 CMakeFiles/sample-f407vg.dir/Project/projectMain.cpp.obj
 .debug_macro   0x0000000000021bc1       0xba CMakeFiles/sample-f407vg.dir/Project/projectMain.cpp.obj
 .debug_macro   0x0000000000021c7b       0xf7 CMakeFiles/sample-f407vg.dir/Project/projectMain.cpp.obj
 .debug_macro   0x0000000000021d72      0x34c CMakeFiles/sample-f407vg.dir/Project/projectMain.cpp.obj
 .debug_macro   0x00000000000220be       0x8e CMakeFiles/sample-f407vg.dir/Project/projectMain.cpp.obj
 .debug_macro   0x000000000002214c       0x94 CMakeFiles/sample-f407vg.dir/Project/projectMain.cpp.obj
 .debug_macro   0x00000000000221e0       0x19 CMakeFiles/sample-f407vg.dir/Project/projectMain.cpp.obj
 .debug_macro   0x00000000000221f9       0x10 CMakeFiles/sample-f407vg.dir/Project/projectMain.cpp.obj
 .debug_macro   0x0000000000022209       0x18 CMakeFiles/sample-f407vg.dir/Project/projectMain.cpp.obj
 .debug_macro   0x0000000000022221       0x49 CMakeFiles/sample-f407vg.dir/Project/projectMain.cpp.obj
 .debug_macro   0x000000000002226a       0x35 CMakeFiles/sample-f407vg.dir/Project/projectMain.cpp.obj
 .debug_macro   0x000000000002229f       0x1c CMakeFiles/sample-f407vg.dir/Project/projectMain.cpp.obj
 .debug_macro   0x00000000000222bb       0x17 CMakeFiles/sample-f407vg.dir/Project/projectMain.cpp.obj
 .debug_macro   0x00000000000222d2       0x10 CMakeFiles/sample-f407vg.dir/Project/projectMain.cpp.obj
 .debug_macro   0x00000000000222e2       0x28 CMakeFiles/sample-f407vg.dir/Project/projectMain.cpp.obj
 .debug_macro   0x000000000002230a       0x2e CMakeFiles/sample-f407vg.dir/Project/projectMain.cpp.obj
 .debug_macro   0x0000000000022338       0x16 CMakeFiles/sample-f407vg.dir/Project/projectMain.cpp.obj
 .debug_macro   0x000000000002234e       0x10 CMakeFiles/sample-f407vg.dir/Project/projectMain.cpp.obj
 .debug_macro   0x000000000002235e       0x12 CMakeFiles/sample-f407vg.dir/Project/projectMain.cpp.obj
 .debug_macro   0x0000000000022370       0x19 CMakeFiles/sample-f407vg.dir/Project/projectMain.cpp.obj
 .debug_macro   0x0000000000022389       0x88 CMakeFiles/sample-f407vg.dir/Project/projectMain.cpp.obj
 .debug_macro   0x0000000000022411       0x19 CMakeFiles/sample-f407vg.dir/Project/projectMain.cpp.obj
 .debug_macro   0x000000000002242a       0x18 CMakeFiles/sample-f407vg.dir/Project/projectMain.cpp.obj

.debug_line     0x0000000000000000     0x614c
 .debug_line    0x0000000000000000      0x677 CMakeFiles/sample-f407vg.dir/Core/Src/gpio.c.obj
 .debug_line    0x0000000000000677      0x6a4 CMakeFiles/sample-f407vg.dir/Core/Src/main.c.obj
 .debug_line    0x0000000000000d1b      0x5dd CMakeFiles/sample-f407vg.dir/Core/Src/stm32f4xx_hal_msp.c.obj
 .debug_line    0x00000000000012f8      0x730 CMakeFiles/sample-f407vg.dir/Core/Src/stm32f4xx_it.c.obj
 .debug_line    0x0000000000001a28      0x65e CMakeFiles/sample-f407vg.dir/Core/Src/system_stm32f4xx.c.obj
 .debug_line    0x0000000000002086      0x8c4 CMakeFiles/sample-f407vg.dir/Drivers/STM32F4xx_HAL_Driver/Src/stm32f4xx_hal.c.obj
 .debug_line    0x000000000000294a      0xb56 CMakeFiles/sample-f407vg.dir/Drivers/STM32F4xx_HAL_Driver/Src/stm32f4xx_hal_cortex.c.obj
 .debug_line    0x00000000000034a0      0xa38 CMakeFiles/sample-f407vg.dir/Drivers/STM32F4xx_HAL_Driver/Src/stm32f4xx_hal_gpio.c.obj
 .debug_line    0x0000000000003ed8      0xc40 CMakeFiles/sample-f407vg.dir/Drivers/STM32F4xx_HAL_Driver/Src/stm32f4xx_hal_rcc.c.obj
 .debug_line    0x0000000000004b18     0x1581 CMakeFiles/sample-f407vg.dir/Project/projectMain.cpp.obj
 .debug_line    0x0000000000006099       0xb3 CMakeFiles/sample-f407vg.dir/CubeMX/startup_stm32f407xx.s.obj

.debug_str      0x0000000000000000    0xc8cc1
 .debug_str     0x0000000000000000    0xbb2a3 CMakeFiles/sample-f407vg.dir/Core/Src/gpio.c.obj
                                      0xbb559 (size before relaxing)
 .debug_str     0x00000000000bb2a3      0x1b5 CMakeFiles/sample-f407vg.dir/Core/Src/main.c.obj
                                      0xbb135 (size before relaxing)
 .debug_str     0x00000000000bb458       0x5f CMakeFiles/sample-f407vg.dir/Core/Src/stm32f4xx_hal_msp.c.obj
                                      0xbafbc (size before relaxing)
 .debug_str     0x00000000000bb4b7      0x131 CMakeFiles/sample-f407vg.dir/Core/Src/stm32f4xx_it.c.obj
                                      0xbafa5 (size before relaxing)
 .debug_str     0x00000000000bb5e8      0x10e CMakeFiles/sample-f407vg.dir/Core/Src/system_stm32f4xx.c.obj
                                      0xbaa07 (size before relaxing)
 .debug_str     0x00000000000bb6f6      0x641 CMakeFiles/sample-f407vg.dir/Drivers/STM32F4xx_HAL_Driver/Src/stm32f4xx_hal.c.obj
                                      0xbb53c (size before relaxing)
 .debug_str     0x00000000000bbd37      0x3f4 CMakeFiles/sample-f407vg.dir/Drivers/STM32F4xx_HAL_Driver/Src/stm32f4xx_hal_cortex.c.obj
                                      0xbb2d4 (size before relaxing)
 .debug_str     0x00000000000bc12b      0x167 CMakeFiles/sample-f407vg.dir/Drivers/STM32F4xx_HAL_Driver/Src/stm32f4xx_hal_gpio.c.obj
                                      0xbab82 (size before relaxing)
 .debug_str     0x00000000000bc292      0x28c CMakeFiles/sample-f407vg.dir/Drivers/STM32F4xx_HAL_Driver/Src/stm32f4xx_hal_rcc.c.obj
                                      0xbae14 (size before relaxing)
 .debug_str     0x00000000000bc51e     0xc742 CMakeFiles/sample-f407vg.dir/Project/projectMain.cpp.obj
                                      0xc74e6 (size before relaxing)
 .debug_str     0x00000000000c8c60       0x61 CMakeFiles/sample-f407vg.dir/CubeMX/startup_stm32f407xx.s.obj
                                         0xa3 (size before relaxing)

.comment        0x0000000000000000       0x49
 .comment       0x0000000000000000       0x49 CMakeFiles/sample-f407vg.dir/Core/Src/gpio.c.obj
                                         0x4a (size before relaxing)
 .comment       0x0000000000000049       0x4a CMakeFiles/sample-f407vg.dir/Core/Src/main.c.obj
 .comment       0x0000000000000049       0x4a CMakeFiles/sample-f407vg.dir/Core/Src/stm32f4xx_hal_msp.c.obj
 .comment       0x0000000000000049       0x4a CMakeFiles/sample-f407vg.dir/Core/Src/stm32f4xx_it.c.obj
 .comment       0x0000000000000049       0x4a CMakeFiles/sample-f407vg.dir/Core/Src/system_stm32f4xx.c.obj
 .comment       0x0000000000000049       0x4a CMakeFiles/sample-f407vg.dir/Drivers/STM32F4xx_HAL_Driver/Src/stm32f4xx_hal.c.obj
 .comment       0x0000000000000049       0x4a CMakeFiles/sample-f407vg.dir/Drivers/STM32F4xx_HAL_Driver/Src/stm32f4xx_hal_cortex.c.obj
 .comment       0x0000000000000049       0x4a CMakeFiles/sample-f407vg.dir/Drivers/STM32F4xx_HAL_Driver/Src/stm32f4xx_hal_gpio.c.obj
 .comment       0x0000000000000049       0x4a CMakeFiles/sample-f407vg.dir/Drivers/STM32F4xx_HAL_Driver/Src/stm32f4xx_hal_rcc.c.obj
 .comment       0x0000000000000049       0x4a CMakeFiles/sample-f407vg.dir/Project/projectMain.cpp.obj

.debug_frame    0x0000000000000000     0x13fc
 .debug_frame   0x0000000000000000       0x38 CMakeFiles/sample-f407vg.dir/Core/Src/gpio.c.obj
 .debug_frame   0x0000000000000038       0x68 CMakeFiles/sample-f407vg.dir/Core/Src/main.c.obj
 .debug_frame   0x00000000000000a0       0x38 CMakeFiles/sample-f407vg.dir/Core/Src/stm32f4xx_hal_msp.c.obj
 .debug_frame   0x00000000000000d8      0x144 CMakeFiles/sample-f407vg.dir/Core/Src/stm32f4xx_it.c.obj
 .debug_frame   0x000000000000021c       0x58 CMakeFiles/sample-f407vg.dir/Core/Src/system_stm32f4xx.c.obj
 .debug_frame   0x0000000000000274      0x374 CMakeFiles/sample-f407vg.dir/Drivers/STM32F4xx_HAL_Driver/Src/stm32f4xx_hal.c.obj
 .debug_frame   0x00000000000005e8      0x4b8 CMakeFiles/sample-f407vg.dir/Drivers/STM32F4xx_HAL_Driver/Src/stm32f4xx_hal_cortex.c.obj
 .debug_frame   0x0000000000000aa0      0x14c CMakeFiles/sample-f407vg.dir/Drivers/STM32F4xx_HAL_Driver/Src/stm32f4xx_hal_gpio.c.obj
 .debug_frame   0x0000000000000bec      0x1f4 CMakeFiles/sample-f407vg.dir/Drivers/STM32F4xx_HAL_Driver/Src/stm32f4xx_hal_rcc.c.obj
 .debug_frame   0x0000000000000de0      0x528 CMakeFiles/sample-f407vg.dir/Project/projectMain.cpp.obj
 .debug_frame   0x0000000000001308       0x2c /opt/gcc-arm-none-eabi-10.3-2021.10/bin/../lib/gcc/arm-none-eabi/10.3.1/../../../../arm-none-eabi/lib/thumb/v7e-m+fp/hard/libc_nano.a(lib_a-init.o)
 .debug_frame   0x0000000000001334       0x28 /opt/gcc-arm-none-eabi-10.3-2021.10/bin/../lib/gcc/arm-none-eabi/10.3.1/../../../../arm-none-eabi/lib/thumb/v7e-m+fp/hard/libc_nano.a(lib_a-memcpy-stub.o)
 .debug_frame   0x000000000000135c       0x20 /opt/gcc-arm-none-eabi-10.3-2021.10/bin/../lib/gcc/arm-none-eabi/10.3.1/../../../../arm-none-eabi/lib/thumb/v7e-m+fp/hard/libc_nano.a(lib_a-memset.o)
 .debug_frame   0x000000000000137c       0x20 /opt/gcc-arm-none-eabi-10.3-2021.10/bin/../lib/gcc/arm-none-eabi/10.3.1/../../../../arm-none-eabi/lib/thumb/v7e-m+fp/hard/libc_nano.a(lib_a-strcmp.o)
 .debug_frame   0x000000000000139c       0x2c /opt/gcc-arm-none-eabi-10.3-2021.10/bin/../lib/gcc/arm-none-eabi/10.3.1/thumb/v7e-m+fp/hard/libgcc.a(_aeabi_uldivmod.o)
 .debug_frame   0x00000000000013c8       0x34 /opt/gcc-arm-none-eabi-10.3-2021.10/bin/../lib/gcc/arm-none-eabi/10.3.1/thumb/v7e-m+fp/hard/libgcc.a(_udivmoddi4.o)
